*----------------------------------------------------------------------------------------
*	Innovus 19.17-s077_1 (64bit) 12/01/2020 11:09 (Linux 2.6.32-431.11.2.el6.x86_64)
*	
*
* 	Date & Time:	2023-Mar-22 22:34:46 (2023-Mar-23 05:34:46 GMT)
*
*----------------------------------------------------------------------------------------
*
*	Design: fullchip
*
*	Liberty Libraries used: 
*	        WC_VIEW: /home/linux/ieng6/ee260bwi23/public/PDKdata/lib/tcbn65gpluswc.lib
*
*	Power Domain used: 
*              Rail:        VDD      Voltage:        0.9 
*
*       Power View : WC_VIEW
*
*       User-Defined Activity : N.A.
*
*       Activity File: N.A.
*
*       Hierarchical Global Activity: N.A.
*
*       Global Activity: N.A.
*
*       Sequential Element Activity: 0.200000
*
*       Primary Input Activity: 0.200000
*
*       Default icg ratio: N.A.
*
*       Global Comb ClockGate Ratio: N.A.
*
*	Power Units = 1mW
*
*	Time Units = 1e-09 secs 
*
*       report_power -outfile fullchip.post_route.power.rpt
*
-----------------------------------------------------------------------------------------


Total Power 
-----------------------------------------------------------------------------------------
Total Internal Power:       96.31375691 	   70.2510%
Total Switching Power:      39.79181716 	   29.0240%
Total Leakage Power:         0.99394167 	    0.7250%
Total Power:               137.09951622 
-----------------------------------------------------------------------------------------


Group                           Internal   Switching     Leakage       Total  Percentage 
                                Power      Power         Power         Power  (%)        
-----------------------------------------------------------------------------------------
Sequential                         68.46       2.673      0.2507       71.38       52.07 
Macro                                  0           0           0           0           0 
IO                                     0           0           0           0           0 
Physical-Only                          0           0       0.289       0.289      0.2108 
Combinational                      23.84       26.21      0.4407       50.48       36.82 
Clock (Combinational)              4.019       10.91     0.01357       14.95        10.9 
Clock (Sequential)                     0           0           0           0           0 
-----------------------------------------------------------------------------------------
Total                              96.31       39.79      0.9939       137.1         100 
-----------------------------------------------------------------------------------------


Rail                  Voltage   Internal   Switching     Leakage       Total  Percentage 
                                Power      Power         Power         Power  (%)        
-----------------------------------------------------------------------------------------
VDD                       0.9      96.31       39.79      0.9939       137.1         100 


Clock                           Internal   Switching     Leakage       Total  Percentage 
                                Power      Power         Power         Power  (%)        
-----------------------------------------------------------------------------------------
clk                                4.019       10.91     0.01357       14.95        10.9 
-----------------------------------------------------------------------------------------
Total (excluding duplicates)       4.019       10.91     0.01357       14.95        10.9 
-----------------------------------------------------------------------------------------
Clock: clk
Clock Period: 0.000500 usec 
Clock Toggle Rate:  4000.0000 Mhz 
Clock Static Probability:  0.5000



-----------------------------------------------------------------------------------------
*	Power Distribution Summary: 
*                Highest Average Power: core_instance/mac_array_instance/CTS_ccl_a_buf_00124 (CKBD16):           0.3205 
*                Highest Leakage Power: core_instance/mac_array_instance/col_idx_1__mac_col_inst/mac_8in_instance/U20 (FA1D4):        0.0002705 
*          Total Cap:      1.13577e-10 F
*          Total instances in design: 27289
*          Total instances in design with no power:     0
*          Total instances in design with no activity:     0
*          Total Fillers and Decap: 11055
-----------------------------------------------------------------------------------------

