*----------------------------------------------------------------------------------------
*	Innovus 19.17-s077_1 (64bit) 12/01/2020 11:09 (Linux 2.6.32-431.11.2.el6.x86_64)
*	
*
* 	Date & Time:	2023-Mar-22 05:48:30 (2023-Mar-22 12:48:30 GMT)
*
*----------------------------------------------------------------------------------------
*
*	Design: dualcore
*
*	Liberty Libraries used: 
*	        WC_VIEW: /home/linux/ieng6/ee260bwi23/public/PDKdata/lib/tcbn65gpluswc.lib
*
*	Power Domain used: 
*              Rail:        VDD      Voltage:        0.9 
*
*       Power View : WC_VIEW
*
*       User-Defined Activity : N.A.
*
*       Activity File: N.A.
*
*       Hierarchical Global Activity: N.A.
*
*       Global Activity: N.A.
*
*       Sequential Element Activity: 0.200000
*
*       Primary Input Activity: 0.200000
*
*       Default icg ratio: N.A.
*
*       Global Comb ClockGate Ratio: N.A.
*
*	Power Units = 1mW
*
*	Time Units = 1e-09 secs 
*
*       report_power -outfile dualcore.post_route.power.rpt
*
-----------------------------------------------------------------------------------------


Total Power 
-----------------------------------------------------------------------------------------
Total Internal Power:      103.47879845 	   71.1360%
Total Switching Power:      39.97186745 	   27.4785%
Total Leakage Power:         2.01555868 	    1.3856%
Total Power:               145.46622482 
-----------------------------------------------------------------------------------------


Group                           Internal   Switching     Leakage       Total  Percentage 
                                Power      Power         Power         Power  (%)        
-----------------------------------------------------------------------------------------
Sequential                         80.06       2.728      0.5808       83.37       57.31 
Macro                                  0           0           0           0           0 
IO                                     0           0     7.6e-07     7.6e-07   5.225e-07 
Physical-Only                          0           0      0.7365      0.7365      0.5063 
Combinational                      19.33       23.74      0.6693       43.74       30.07 
Clock (Combinational)              4.083        13.5     0.02902       17.61       12.11 
Clock (Sequential)                     0           0           0           0           0 
-----------------------------------------------------------------------------------------
Total                              103.5       39.97       2.016       145.5         100 
-----------------------------------------------------------------------------------------


Rail                  Voltage   Internal   Switching     Leakage       Total  Percentage 
                                Power      Power         Power         Power  (%)        
-----------------------------------------------------------------------------------------
VDD                       0.9      103.5       39.97       2.016       145.5         100 


Clock                           Internal   Switching     Leakage       Total  Percentage 
                                Power      Power         Power         Power  (%)        
-----------------------------------------------------------------------------------------
clk1                               2.171       6.868     0.01643       9.056       6.225 
clk2                               1.911       6.633     0.01259       8.557       5.882 
-----------------------------------------------------------------------------------------
Total (excluding duplicates)       4.083        13.5     0.02902       17.61       12.11 
-----------------------------------------------------------------------------------------
Clock: clk1
Clock Period: 0.001000 usec 
Clock Toggle Rate:  2000.0000 Mhz 
Clock Static Probability:  0.5000

Clock: clk2
Clock Period: 0.001000 usec 
Clock Toggle Rate:  2000.0000 Mhz 
Clock Static Probability:  0.5000



-----------------------------------------------------------------------------------------
*	Power Distribution Summary: 
*                Highest Average Power: core2_inst/psum_mem_instance/CTS_ccl_a_buf_00118 (CKBD16):           0.1629 
*                Highest Leakage Power: core2_inst/mac_array_instance/col_idx_7__mac_col_inst/intadd_78_U10 (FA1D4):        0.0002628 
*          Total Cap:      2.23553e-10 F
*          Total instances in design: 78855
*          Total instances in design with no power:     0
*          Total instances in design with no activity:     0
*          Total Fillers and Decap: 39172
-----------------------------------------------------------------------------------------

