CO		PIN		1		0
CO		LEFPIN		2		0
CO		FILL		3		0
CO		FILLOPC		4		0
CO		VIA		5		0
CO		VIAFILL		6		0
CO		VIAFILLOPC		7		0
M1		NET		8		0
M1		SPNET		9		0
M1		PIN		10		0
M1		LEFPIN		11		0
M1		FILL		12		0
M1		FILLOPC		13		0
M1		VIA		14		0
M1		VIAFILL		15		0
M1		VIAFILLOPC		16		0
M1		LEFOBS		17		0
NAME		M1/NET		18		0
NAME		M1/SPNET		19		0
NAME		M1/PIN		20		0
NAME		M1/LEFPIN		21		0
VIA1		PIN		22		0
VIA1		LEFPIN		23		0
VIA1		FILL		24		0
VIA1		FILLOPC		25		0
VIA1		VIA		26		0
VIA1		VIAFILL		27		0
VIA1		VIAFILLOPC		28		0
M2		NET		29		0
M2		SPNET		30		0
M2		PIN		31		0
M2		LEFPIN		32		0
M2		FILL		33		0
M2		FILLOPC		34		0
M2		VIA		35		0
M2		VIAFILL		36		0
M2		VIAFILLOPC		37		0
M2		LEFOBS		38		0
NAME		M2/NET		39		0
NAME		M2/SPNET		40		0
NAME		M2/PIN		41		0
NAME		M2/LEFPIN		42		0
VIA2		PIN		43		0
VIA2		LEFPIN		44		0
VIA2		FILL		45		0
VIA2		FILLOPC		46		0
VIA2		VIA		47		0
VIA2		VIAFILL		48		0
VIA2		VIAFILLOPC		49		0
M3		NET		50		0
M3		SPNET		51		0
M3		PIN		52		0
M3		LEFPIN		53		0
M3		FILL		54		0
M3		FILLOPC		55		0
M3		VIA		56		0
M3		VIAFILL		57		0
M3		VIAFILLOPC		58		0
M3		LEFOBS		59		0
NAME		M3/NET		60		0
NAME		M3/SPNET		61		0
NAME		M3/PIN		62		0
NAME		M3/LEFPIN		63		0
VIA3		PIN		64		0
VIA3		LEFPIN		65		0
VIA3		FILL		66		0
VIA3		FILLOPC		67		0
VIA3		VIA		68		0
VIA3		VIAFILL		69		0
VIA3		VIAFILLOPC		70		0
M4		NET		71		0
M4		SPNET		72		0
M4		PIN		73		0
M4		LEFPIN		74		0
M4		FILL		75		0
M4		FILLOPC		76		0
M4		VIA		77		0
M4		VIAFILL		78		0
M4		VIAFILLOPC		79		0
M4		LEFOBS		80		0
NAME		M4/NET		81		0
NAME		M4/SPNET		82		0
NAME		M4/PIN		83		0
NAME		M4/LEFPIN		84		0
VIA4		PIN		85		0
VIA4		LEFPIN		86		0
VIA4		FILL		87		0
VIA4		FILLOPC		88		0
VIA4		VIA		89		0
VIA4		VIAFILL		90		0
VIA4		VIAFILLOPC		91		0
M5		NET		92		0
M5		SPNET		93		0
M5		PIN		94		0
M5		LEFPIN		95		0
M5		FILL		96		0
M5		FILLOPC		97		0
M5		VIA		98		0
M5		VIAFILL		99		0
M5		VIAFILLOPC		100		0
M5		LEFOBS		101		0
NAME		M5/NET		102		0
NAME		M5/SPNET		103		0
NAME		M5/PIN		104		0
NAME		M5/LEFPIN		105		0
VIA5		PIN		106		0
VIA5		LEFPIN		107		0
VIA5		FILL		108		0
VIA5		FILLOPC		109		0
VIA5		VIA		110		0
VIA5		VIAFILL		111		0
VIA5		VIAFILLOPC		112		0
M6		NET		113		0
M6		SPNET		114		0
M6		PIN		115		0
M6		LEFPIN		116		0
M6		FILL		117		0
M6		FILLOPC		118		0
M6		VIA		119		0
M6		VIAFILL		120		0
M6		VIAFILLOPC		121		0
M6		LEFOBS		122		0
NAME		M6/NET		123		0
NAME		M6/SPNET		124		0
NAME		M6/PIN		125		0
NAME		M6/LEFPIN		126		0
VIA6		PIN		127		0
VIA6		LEFPIN		128		0
VIA6		FILL		129		0
VIA6		FILLOPC		130		0
VIA6		VIA		131		0
VIA6		VIAFILL		132		0
VIA6		VIAFILLOPC		133		0
M7		NET		134		0
M7		SPNET		135		0
M7		PIN		136		0
M7		LEFPIN		137		0
M7		FILL		138		0
M7		FILLOPC		139		0
M7		VIA		140		0
M7		VIAFILL		141		0
M7		VIAFILLOPC		142		0
M7		LEFOBS		143		0
NAME		M7/NET		144		0
NAME		M7/SPNET		145		0
NAME		M7/PIN		146		0
NAME		M7/LEFPIN		147		0
VIA7		PIN		148		0
VIA7		LEFPIN		149		0
VIA7		FILL		150		0
VIA7		FILLOPC		151		0
VIA7		VIA		152		0
VIA7		VIAFILL		153		0
VIA7		VIAFILLOPC		154		0
M8		NET		155		0
M8		SPNET		156		0
M8		PIN		157		0
M8		LEFPIN		158		0
M8		FILL		159		0
M8		FILLOPC		160		0
M8		VIA		161		0
M8		VIAFILL		162		0
M8		VIAFILLOPC		163		0
M8		LEFOBS		164		0
NAME		M8/NET		165		0
NAME		M8/SPNET		166		0
NAME		M8/PIN		167		0
NAME		M8/LEFPIN		168		0
NAME		COMP		169		0
COMP		ALL		170		0
DIEAREA		ALL		171		0
